// Jest Snapshot v1, https://goo.gl/fbAQLP

exports[`A <Fetch> renders correctly 1`] = `null`;
